// Jest Snapshot v1, https://goo.gl/fbAQLP

exports[`TopMenuPanel simple render 1`] = `
<div
  className="sc-bdVaJa sc-bwzfXH QZZFO"
/>
`;
