// Jest Snapshot v1, https://goo.gl/fbAQLP

exports[`AppView should render 1`] = `
Array [
  <div
    data-mock="AppVersion"
  />,
  <div
    data-mock="Menu"
  />,
  <div
    data-mock="CanvasContainer"
  />,
]
`;
