// Jest Snapshot v1, https://goo.gl/fbAQLP

exports[`MIArrow should be disabled 1`] = `
<div
  data-mock="TopMenuItem"
  onClick={[Function]}
>
  <span
    data-mock="FontAwesomeIcon"
  >
    {
  "icon": "faLongArrowAltUp",
  "rotation": 270
}
  </span>
</div>
`;

exports[`MIArrow should render 1`] = `
<div
  data-mock="TopMenuItem"
  onClick={[Function]}
>
  <span
    data-mock="FontAwesomeIcon"
  >
    {
  "icon": "faLongArrowAltUp",
  "rotation": 270
}
  </span>
</div>
`;
