// Jest Snapshot v1, https://goo.gl/fbAQLP

exports[`MIGithub should render 1`] = `
<div
  data-mock="TopMenuItem"
>
  <span
    data-mock="FontAwesomeIcon"
  >
    faGithub
  </span>
</div>
`;
