// Jest Snapshot v1, https://goo.gl/fbAQLP

exports[`ClearButton render empty 1`] = `
<button
  className="sc-bdVaJa hmFSRG"
/>
`;
