// Jest Snapshot v1, https://goo.gl/fbAQLP

exports[`ColorSelector should render with color picker 1`] = `
<div
  className="color-selector sc-bdVaJa eRFQev"
  onChange={[Function]}
>
  This is mocked ChromePicker. Color is 
</div>
`;

exports[`ColorSelector should render without color picker 1`] = `null`;
