// Jest Snapshot v1, https://goo.gl/fbAQLP

exports[`FloatLeft render empty 1`] = `
<div
  className="sc-AxjAm PDJfj"
/>
`;
