// Jest Snapshot v1, https://goo.gl/fbAQLP

exports[`FloatRight render empty 1`] = `
<div
  className="sc-bdVaJa gqHga"
/>
`;
