// Jest Snapshot v1, https://goo.gl/fbAQLP

exports[`MIResize should render 1`] = `
Array [
  <div
    data-mock="TopMenuItem"
    onClick={[Function]}
  >
    <span
      data-mock="FontAwesomeIcon"
    >
      faExpandAlt
    </span>
  </div>,
  <div
    data-mock="MIResizePopup"
  >
    widthInit: 
    0
    heightInit: 
    0
  </div>,
]
`;
